<?xml version="1.0" encoding="utf-8"?>
<?AutomationStudio Version=3.0?>
<Transfer xmlns="http://br-automation.co.at/AS/Transfer">
  <OperatingSystem Version="E4.92"/>
  <Hardware Target="SG4"/>
  <Operation Delete="MachineHMI.br"/>
  <Operation Delete="ErrorProg.br"/>
  <Operation Delete="MachinePro.br"/>
  <Operation Delete="ServoMgr.br"/>
  <Operation Delete="FirstInitP.br"/>
  <Operation Delete="axiserrlib.br"/>
  <Operation Delete="piper.br"/>
  <Operation Delete="asieccon.br"/>
  <Operation Delete="csvfilelib.br"/>
  <Operation Delete="persist.br"/>
  <Operation Delete="vartools.br"/>
  <Operation Delete="errorlib.br"/>
  <Operation Delete="hmitools.br"/>
  <Operation Delete="logthat.br"/>
  <Operation Delete="ArEventLog.br"/>
  <Operation Delete="AsArLog.br"/>
  <Operation Delete="ringbuflib.br"/>
  <Operation Delete="fiowrap.br"/>
  <Operation Delete="stringext.br"/>
  <Operation Delete="Acp10_MC.br"/>
  <Operation Delete="sys_lib.br"/>
  <Operation Delete="brsystem.br"/>
  <Operation Delete="Acp10man.br"/>
  <Operation Delete="FileIO.br"/>
  <Operation Delete="astime.br"/>
  <Operation Download="ashwd.br" Memory="SystemROM"/>
  <Operation Download="asfw.br" Memory="SystemROM"/>
  <Operation Download="arconfig.br" Memory="SystemROM"/>
  <Operation Download="sysconf.br" Memory="SystemROM"/>
  <Operation Restart="warm"/>
  <Operation Download="acp10cfg.br" Memory="UserROM"/>
  <Operation Download="Acp10map.br" Memory="UserROM"/>
  <Operation Download="NcGlobal.br" Memory="UserROM"/>
  <Operation Download="powerlnk.br" Memory="UserROM"/>
  <Operation Download="Acp10par.br" Memory="UserROM"/>
  <Operation Download="runtime.br" Memory="UserROM"/>
  <Operation Download="astime.br" Memory="UserROM"/>
  <Operation Download="FileIO.br" Memory="UserROM"/>
  <Operation Download="Acp10man.br" Memory="UserROM"/>
  <Operation Download="brsystem.br" Memory="UserROM"/>
  <Operation Download="sys_lib.br" Memory="UserROM"/>
  <Operation Download="Acp10_MC.br" Memory="UserROM"/>
  <Operation Download="Acp10sys.br" Memory="UserROM"/>
  <Operation Restart="warm"/>
  <Operation Download="operator.br" Memory="UserROM"/>
  <Operation Download="AsBrStr.br" Memory="UserROM"/>
  <Operation Download="standard.br" Memory="UserROM"/>
  <Operation Download="AsBrWStr.br" Memory="UserROM"/>
  <Operation Download="stringext.br" Memory="UserROM"/>
  <Operation Download="fiowrap.br" Memory="UserROM"/>
  <Operation Download="ringbuflib.br" Memory="UserROM"/>
  <Operation Download="AsArLog.br" Memory="UserROM"/>
  <Operation Download="ArEventLog.br" Memory="UserROM"/>
  <Operation Download="logthat.br" Memory="UserROM"/>
  <Operation Download="hmitools.br" Memory="UserROM"/>
  <Operation Download="errorlib.br" Memory="UserROM"/>
  <Operation Download="vartools.br" Memory="UserROM"/>
  <Operation Download="persist.br" Memory="UserROM"/>
  <Operation Download="csvfilelib.br" Memory="UserROM"/>
  <Operation Download="asstring.br" Memory="UserROM"/>
  <Operation Download="asieccon.br" Memory="UserROM"/>
  <Operation Download="piper.br" Memory="UserROM"/>
  <Operation Download="axiserrlib.br" Memory="UserROM"/>
  <Operation Download="udbdef.br" Memory="UserROM"/>
  <Operation Download="FWRules.br" Memory="UserROM"/>
  <Operation Download="TCData.br" Memory="SystemROM"/>
  <Operation Download="iomap.br" Memory="UserROM"/>
  <Operation Download="Role.br" Memory="UserROM"/>
  <Operation Download="User.br" Memory="UserROM"/>
  <Operation Download="ashwac.br" Memory="UserROM"/>
  <Operation Download="FirstInitP.br" Memory="UserROM"/>
  <Operation Download="ServoMgr.br" Memory="UserROM"/>
  <Operation Download="MachinePro.br" Memory="UserROM"/>
  <Operation Download="ErrorProg.br" Memory="UserROM"/>
  <Operation Download="MachineHMI.br" Memory="UserROM"/>
</Transfer>