C:\Projects\Loupe\AxisLib\example\AsProject\ServoMgr\Logical\Global.typ
C:\Projects\Loupe\AxisLib\example\AsProject\ServoMgr\Logical\Global.var
C:\Projects\Loupe\AxisLib\example\AsProject\ServoMgr\Logical\Libraries\operator\operator.fun
C:\Projects\Loupe\AxisLib\example\AsProject\ServoMgr\Logical\Libraries\operator\operator.typ
C:\Projects\Loupe\AxisLib\example\AsProject\ServoMgr\Logical\Libraries\operator\operator.var
C:\Projects\Loupe\AxisLib\example\AsProject\ServoMgr\Logical\Libraries\runtime\runtime.fun
C:\Projects\Loupe\AxisLib\example\AsProject\ServoMgr\Logical\Libraries\runtime\runtime.typ
C:\Projects\Loupe\AxisLib\example\AsProject\ServoMgr\Logical\Libraries\runtime\runtime.var
C:\Projects\Loupe\AxisLib\example\AsProject\ServoMgr\Logical\Libraries\astime\astime.fun
C:\Projects\Loupe\AxisLib\example\AsProject\ServoMgr\Logical\Libraries\astime\astime.typ
C:\Projects\Loupe\AxisLib\example\AsProject\ServoMgr\Logical\Libraries\astime\astime.var
C:\Projects\Loupe\AxisLib\example\AsProject\ServoMgr\Logical\Libraries\AsIecCon\AsIecCon.fun
C:\Projects\Loupe\AxisLib\example\AsProject\ServoMgr\Logical\Libraries\AsIecCon\AsIecCon.typ
C:\Projects\Loupe\AxisLib\example\AsProject\ServoMgr\Logical\Libraries\AsIecCon\AsIecCon.var
C:\Projects\Loupe\AxisLib\example\AsProject\ServoMgr\Logical\Libraries\sys_lib\sys_lib.fun
C:\Projects\Loupe\AxisLib\example\AsProject\ServoMgr\Logical\Libraries\sys_lib\sys_lib.typ
C:\Projects\Loupe\AxisLib\example\AsProject\ServoMgr\Logical\Libraries\sys_lib\sys_lib.var
C:\Projects\Loupe\AxisLib\example\AsProject\ServoMgr\Logical\Libraries\AsBrStr\AsBrStr.fun
C:\Projects\Loupe\AxisLib\example\AsProject\ServoMgr\Logical\Libraries\AsBrStr\AsBrStr.typ
C:\Projects\Loupe\AxisLib\example\AsProject\ServoMgr\Logical\Libraries\AsBrStr\AsBrStr.var
C:\Projects\Loupe\AxisLib\example\AsProject\ServoMgr\Logical\Libraries\ArEventLog\ArEventLog.fun
C:\Projects\Loupe\AxisLib\example\AsProject\ServoMgr\Logical\Libraries\ArEventLog\ArEventLog.typ
C:\Projects\Loupe\AxisLib\example\AsProject\ServoMgr\Logical\Libraries\ArEventLog\ArEventLog.var
C:\Projects\Loupe\AxisLib\example\AsProject\ServoMgr\Logical\Libraries\AsBrWStr\AsBrWStr.fun
C:\Projects\Loupe\AxisLib\example\AsProject\ServoMgr\Logical\Libraries\AsBrWStr\AsBrWStr.typ
C:\Projects\Loupe\AxisLib\example\AsProject\ServoMgr\Logical\Libraries\AsBrWStr\AsBrWStr.var
C:\Projects\Loupe\AxisLib\example\AsProject\ServoMgr\Logical\Libraries\Acp10_MC\acp10_mc.fun
C:\Projects\Loupe\AxisLib\example\AsProject\ServoMgr\Logical\Libraries\Acp10_MC\acp10_mc.typ
C:\Projects\Loupe\AxisLib\example\AsProject\ServoMgr\Logical\Libraries\Acp10_MC\acp10_mc.var
C:\Projects\Loupe\AxisLib\example\AsProject\ServoMgr\Logical\Libraries\Acp10man\Acp10man.typ
C:\Projects\Loupe\AxisLib\example\AsProject\ServoMgr\Logical\Libraries\Acp10par\Acp10par.var
C:\Projects\Loupe\AxisLib\example\AsProject\ServoMgr\Logical\Libraries\NcGlobal\NcGlobal.fun
C:\Projects\Loupe\AxisLib\example\AsProject\ServoMgr\Logical\Libraries\NcGlobal\NcGlobal.typ
C:\Projects\Loupe\AxisLib\example\AsProject\ServoMgr\Logical\Libraries\NcGlobal\NcGlobal.var
C:\Projects\Loupe\AxisLib\example\AsProject\ServoMgr\Logical\Libraries\brsystem\brsystem.fun
C:\Projects\Loupe\AxisLib\example\AsProject\ServoMgr\Logical\Libraries\brsystem\brsystem.typ
C:\Projects\Loupe\AxisLib\example\AsProject\ServoMgr\Logical\Libraries\brsystem\brsystem.var
C:\Projects\Loupe\AxisLib\example\AsProject\ServoMgr\Logical\Libraries\standard\standard.fun
C:\Projects\Loupe\AxisLib\example\AsProject\ServoMgr\Logical\Libraries\standard\standard.typ
C:\Projects\Loupe\AxisLib\example\AsProject\ServoMgr\Logical\Libraries\standard\standard.var
C:\Projects\Loupe\AxisLib\example\AsProject\ServoMgr\Logical\Libraries\FileIO\FileIO.fun
C:\Projects\Loupe\AxisLib\example\AsProject\ServoMgr\Logical\Libraries\FileIO\FileIO.typ
C:\Projects\Loupe\AxisLib\example\AsProject\ServoMgr\Logical\Libraries\FileIO\FileIO.var
C:\Projects\Loupe\AxisLib\example\AsProject\ServoMgr\Logical\Libraries\AsArLog\AsArLog.fun
C:\Projects\Loupe\AxisLib\example\AsProject\ServoMgr\Logical\Libraries\AsArLog\AsArLog.typ
C:\Projects\Loupe\AxisLib\example\AsProject\ServoMgr\Logical\Libraries\AsArLog\AsArLog.var
C:\Projects\Loupe\AxisLib\example\AsProject\ServoMgr\Logical\Libraries\asstring\asstring.fun
C:\Projects\Loupe\AxisLib\example\AsProject\ServoMgr\Logical\Libraries\asstring\asstring.typ
C:\Projects\Loupe\AxisLib\example\AsProject\ServoMgr\Logical\Libraries\asstring\asstring.var
C:\Projects\Loupe\AxisLib\src\Ar\AxisLib\Types.typ
C:\Projects\Loupe\AxisLib\src\Ar\AxisLib\Constants.var
C:\Projects\Loupe\AxisLib\src\Ar\AxisLib\AxisLib.fun
C:\Projects\Loupe\AxisLib\example\AsProject\ServoMgr\Logical\Libraries\Loupe\piper\Piper.typ
C:\Projects\Loupe\AxisLib\example\AsProject\ServoMgr\Logical\Libraries\Loupe\piper\Piper.var
C:\Projects\Loupe\AxisLib\example\AsProject\ServoMgr\Logical\Libraries\Loupe\piper\Piper.fun
C:\Projects\Loupe\AxisLib\example\AsProject\ServoMgr\Logical\Libraries\Loupe\stringext\StringExt.typ
C:\Projects\Loupe\AxisLib\example\AsProject\ServoMgr\Logical\Libraries\Loupe\stringext\StringExt.var
C:\Projects\Loupe\AxisLib\example\AsProject\ServoMgr\Logical\Libraries\Loupe\stringext\StringExt.fun
C:\Projects\Loupe\AxisLib\example\AsProject\ServoMgr\Logical\Libraries\Loupe\logthat\Types.typ
C:\Projects\Loupe\AxisLib\example\AsProject\ServoMgr\Logical\Libraries\Loupe\logthat\Constants.var
C:\Projects\Loupe\AxisLib\example\AsProject\ServoMgr\Logical\Libraries\Loupe\logthat\LogThat.fun
C:\Projects\Loupe\AxisLib\example\AsProject\ServoMgr\Logical\Libraries\Loupe\AxisErrLib\Types.typ
C:\Projects\Loupe\AxisLib\example\AsProject\ServoMgr\Logical\Libraries\Loupe\AxisErrLib\Constants.var
C:\Projects\Loupe\AxisLib\example\AsProject\ServoMgr\Logical\Libraries\Loupe\AxisErrLib\AxisErrLib.fun
C:\Projects\Loupe\AxisLib\example\AsProject\ServoMgr\Logical\Libraries\Loupe\errorlib\ErrorLib.typ
C:\Projects\Loupe\AxisLib\example\AsProject\ServoMgr\Logical\Libraries\Loupe\errorlib\ErrorLib.var
C:\Projects\Loupe\AxisLib\example\AsProject\ServoMgr\Logical\Libraries\Loupe\errorlib\ErrorLib.fun
C:\Projects\Loupe\AxisLib\example\AsProject\ServoMgr\Logical\Libraries\Loupe\errorlib\ErrorLib_enum.typ
C:\Projects\Loupe\AxisLib\example\AsProject\ServoMgr\Logical\Libraries\Loupe\errorlib\ErrorCollector.typ
C:\Projects\Loupe\AxisLib\example\AsProject\ServoMgr\Logical\Libraries\Loupe\errorlib\ErrorCollector_HMI.typ
C:\Projects\Loupe\AxisLib\example\AsProject\ServoMgr\Logical\Libraries\Loupe\hmitools\HMITools.typ
C:\Projects\Loupe\AxisLib\example\AsProject\ServoMgr\Logical\Libraries\Loupe\hmitools\HMITools.var
C:\Projects\Loupe\AxisLib\example\AsProject\ServoMgr\Logical\Libraries\Loupe\hmitools\HMITools.fun
C:\Projects\Loupe\AxisLib\example\AsProject\ServoMgr\Logical\Libraries\Loupe\hmitools\HMI_Basic.typ
C:\Projects\Loupe\AxisLib\example\AsProject\ServoMgr\Logical\Libraries\Loupe\hmitools\HMI_Basic.var
C:\Projects\Loupe\AxisLib\example\AsProject\ServoMgr\Logical\Libraries\Loupe\hmitools\HMI_File_Browse.typ
C:\Projects\Loupe\AxisLib\example\AsProject\ServoMgr\Logical\Libraries\Loupe\hmitools\LogViewer.typ
C:\Projects\Loupe\AxisLib\example\AsProject\ServoMgr\Logical\Libraries\Loupe\hmitools\EditorControl.typ
C:\Projects\Loupe\AxisLib\example\AsProject\ServoMgr\Logical\Libraries\Loupe\hmitools\HMI_Trend.typ
C:\Projects\Loupe\AxisLib\example\AsProject\ServoMgr\Logical\Libraries\Loupe\hmitools\RecipeMgr.typ
C:\Projects\Loupe\AxisLib\example\AsProject\ServoMgr\Logical\Libraries\Loupe\hmitools\Updater.typ
C:\Projects\Loupe\AxisLib\example\AsProject\ServoMgr\Logical\Libraries\Loupe\ringbuflib\RingBufLib.typ
C:\Projects\Loupe\AxisLib\example\AsProject\ServoMgr\Logical\Libraries\Loupe\ringbuflib\RingBufLib.fun
C:\Projects\Loupe\AxisLib\example\AsProject\ServoMgr\Logical\Libraries\Loupe\csvfilelib\CSVFileLib.typ
C:\Projects\Loupe\AxisLib\example\AsProject\ServoMgr\Logical\Libraries\Loupe\csvfilelib\CSVFileLib.var
C:\Projects\Loupe\AxisLib\example\AsProject\ServoMgr\Logical\Libraries\Loupe\csvfilelib\CSVFileLib.fun
C:\Projects\Loupe\AxisLib\example\AsProject\ServoMgr\Logical\Libraries\Loupe\csvfilelib\CSVFileLib_enum.typ
C:\Projects\Loupe\AxisLib\example\AsProject\ServoMgr\Logical\Libraries\Loupe\csvfilelib\CSVFileMgr.typ
C:\Projects\Loupe\AxisLib\example\AsProject\ServoMgr\Logical\Libraries\Loupe\csvfilelib\CSVFileMgr_HMI.typ
C:\Projects\Loupe\AxisLib\example\AsProject\ServoMgr\Logical\Libraries\Loupe\fiowrap\FIOWrap.typ
C:\Projects\Loupe\AxisLib\example\AsProject\ServoMgr\Logical\Libraries\Loupe\fiowrap\FIOWrap.var
C:\Projects\Loupe\AxisLib\example\AsProject\ServoMgr\Logical\Libraries\Loupe\fiowrap\FIOWrap.fun
C:\Projects\Loupe\AxisLib\example\AsProject\ServoMgr\Logical\Libraries\Loupe\persist\Persist.typ
C:\Projects\Loupe\AxisLib\example\AsProject\ServoMgr\Logical\Libraries\Loupe\persist\Persist.var
C:\Projects\Loupe\AxisLib\example\AsProject\ServoMgr\Logical\Libraries\Loupe\persist\Persist.fun
C:\Projects\Loupe\AxisLib\example\AsProject\ServoMgr\Logical\Libraries\Loupe\vartools\VarTools.typ
C:\Projects\Loupe\AxisLib\example\AsProject\ServoMgr\Logical\Libraries\Loupe\vartools\VarTools.var
C:\Projects\Loupe\AxisLib\example\AsProject\ServoMgr\Logical\Libraries\Loupe\vartools\VarTools.fun
C:\Projects\Loupe\AxisLib\example\AsProject\ServoMgr\Logical\Infrastructure\Infrastructure.typ
C:\Projects\Loupe\AxisLib\example\AsProject\ServoMgr\Logical\Infrastructure\Infrastructure.var
C:\Projects\Loupe\AxisLib\example\AsProject\ServoMgr\Logical\MachineControl\MachineControl.typ
C:\Projects\Loupe\AxisLib\example\AsProject\ServoMgr\Logical\MachineControl\MachineControl.var
C:\Projects\Loupe\AxisLib\src\Ar\Servo\ServoControl.typ
C:\Projects\Loupe\AxisLib\src\Ar\Servo\ServoControl.var
C:\Projects\Loupe\AxisLib\example\AsProject\ServoMgr\Logical\Diagnostics\Diagnostics.var
