c:\projects\loupe\axislib\example\asproject\servomgr\temp\includes\piper.h	C:\Projects\Loupe\AxisLib\src\Ar\LogThat\Constants.var global
c:\projects\loupe\axislib\example\asproject\servomgr\temp\includes\errorlib.h	C:\Projects\Loupe\AxisLib\src\Ar\LogThat\Constants.var global
c:\projects\loupe\axislib\example\asproject\servomgr\temp\includes\servo\servocontrolvar.h	C:\Projects\Loupe\AxisLib\src\Ar\Servo\ServoControl.typ global
c:\projects\loupe\axislib\example\asproject\servomgr\temp\includes\csvfilelib.h	C:\Projects\Loupe\AxisLib\src\Ar\LogThat\Constants.var global,C:\Projects\Loupe\AxisLib\src\Ar\HMITools\HMITools.var global
c:\projects\loupe\axislib\example\asproject\servomgr\temp\includes\hmitools.h	C:\Projects\Loupe\AxisLib\src\Ar\LogThat\Constants.var global
c:\projects\loupe\axislib\example\asproject\servomgr\temp\includes\axislib.h	C:\Projects\Loupe\AxisLib\example\AsProject\ServoMgr\Logical\Libraries\Acp10_MC\acp10_mc.var global
c:\projects\loupe\axislib\example\asproject\servomgr\temp\includes\axiserrlib.h	C:\Projects\Loupe\AxisLib\src\Ar\ErrorLib\ErrorLib.var global
