<?xml version="1.0" encoding="utf-8"?>
<?AutomationStudio Version="4.11.2.75"?>
<Objects>
  <Object
    Path="C:\Projects\Loupe\AxisLib\example\AsProject\ServoMgr\Logical\Package.pkg"
    LogicalPath=""
    Type="Package.ParentUnknown"
    LastWriteTime="133426320068529318" />
  <Object
    Path="C:\Projects\Loupe\AxisLib\example\AsProject\ServoMgr\Logical\Global.typ"
    LogicalPath="Global.typ"
    Type="File"
    LastWriteTime="133422937384830031"
    Private="false" />
  <Object
    Path="C:\Projects\Loupe\AxisLib\example\AsProject\ServoMgr\Logical\Global.var"
    LogicalPath="Global.var"
    Type="File"
    LastWriteTime="133422937384830031"
    Private="false" />
  <Object
    Path="C:\Projects\Loupe\AxisLib\example\AsProject\ServoMgr\Logical\Libraries\Package.pkg"
    LogicalPath="Libraries"
    Type="Package"
    LastWriteTime="133422989782135401" />
  <Object
    Path="C:\Projects\Loupe\AxisLib\example\AsProject\ServoMgr\Logical\Libraries\operator\binary.lby"
    LogicalPath="Libraries.operator"
    Type="Library"
    LastWriteTime="133422937406393136" />
  <Object
    Path="C:\Projects\Loupe\AxisLib\example\AsProject\ServoMgr\Logical\Libraries\operator\operator.fun"
    LogicalPath="Libraries.operator.operator.fun"
    Type="File"
    LastWriteTime="133422937406393136"
    Private="false" />
  <Object
    Path="C:\Projects\Loupe\AxisLib\example\AsProject\ServoMgr\Logical\Libraries\operator\operator.typ"
    LogicalPath="Libraries.operator.operator.typ"
    Type="File"
    LastWriteTime="133422937406393136"
    Private="false" />
  <Object
    Path="C:\Projects\Loupe\AxisLib\example\AsProject\ServoMgr\Logical\Libraries\operator\operator.var"
    LogicalPath="Libraries.operator.operator.var"
    Type="File"
    LastWriteTime="133422937406393136"
    Private="false" />
  <Object
    Path="C:\Projects\Loupe\AxisLib\example\AsProject\ServoMgr\Logical\Libraries\runtime\binary.lby"
    LogicalPath="Libraries.runtime"
    Type="Library"
    LastWriteTime="133422937412016088" />
  <Object
    Path="C:\Projects\Loupe\AxisLib\example\AsProject\ServoMgr\Logical\Libraries\runtime\runtime.fun"
    LogicalPath="Libraries.runtime.runtime.fun"
    Type="File"
    LastWriteTime="133422937412016088"
    Private="false" />
  <Object
    Path="C:\Projects\Loupe\AxisLib\example\AsProject\ServoMgr\Logical\Libraries\runtime\runtime.typ"
    LogicalPath="Libraries.runtime.runtime.typ"
    Type="File"
    LastWriteTime="133422937412016088"
    Private="false" />
  <Object
    Path="C:\Projects\Loupe\AxisLib\example\AsProject\ServoMgr\Logical\Libraries\runtime\runtime.var"
    LogicalPath="Libraries.runtime.runtime.var"
    Type="File"
    LastWriteTime="133422937412016088"
    Private="false" />
  <Object
    Path="C:\Projects\Loupe\AxisLib\example\AsProject\ServoMgr\Logical\Libraries\astime\binary.lby"
    LogicalPath="Libraries.astime"
    Type="Library"
    LastWriteTime="133422937416860903" />
  <Object
    Path="C:\Projects\Loupe\AxisLib\example\AsProject\ServoMgr\Logical\Libraries\astime\astime.fun"
    LogicalPath="Libraries.astime.astime.fun"
    Type="File"
    LastWriteTime="133422937416860903"
    Private="false" />
  <Object
    Path="C:\Projects\Loupe\AxisLib\example\AsProject\ServoMgr\Logical\Libraries\astime\astime.typ"
    LogicalPath="Libraries.astime.astime.typ"
    Type="File"
    LastWriteTime="133422937416860903"
    Private="false" />
  <Object
    Path="C:\Projects\Loupe\AxisLib\example\AsProject\ServoMgr\Logical\Libraries\astime\astime.var"
    LogicalPath="Libraries.astime.astime.var"
    Type="File"
    LastWriteTime="133422937416860903"
    Private="false" />
  <Object
    Path="C:\Projects\Loupe\AxisLib\example\AsProject\ServoMgr\Logical\Libraries\AsIecCon\binary.lby"
    LogicalPath="Libraries.AsIecCon"
    Type="Library"
    LastWriteTime="133422937421705799" />
  <Object
    Path="C:\Projects\Loupe\AxisLib\example\AsProject\ServoMgr\Logical\Libraries\AsIecCon\AsIecCon.fun"
    LogicalPath="Libraries.AsIecCon.AsIecCon.fun"
    Type="File"
    LastWriteTime="133422937421551628"
    Private="false" />
  <Object
    Path="C:\Projects\Loupe\AxisLib\example\AsProject\ServoMgr\Logical\Libraries\AsIecCon\AsIecCon.typ"
    LogicalPath="Libraries.AsIecCon.AsIecCon.typ"
    Type="File"
    LastWriteTime="133422937421705799"
    Private="false" />
  <Object
    Path="C:\Projects\Loupe\AxisLib\example\AsProject\ServoMgr\Logical\Libraries\AsIecCon\AsIecCon.var"
    LogicalPath="Libraries.AsIecCon.AsIecCon.var"
    Type="File"
    LastWriteTime="133422937421705799"
    Private="false" />
  <Object
    Path="C:\Projects\Loupe\AxisLib\example\AsProject\ServoMgr\Logical\Libraries\sys_lib\binary.lby"
    LogicalPath="Libraries.sys_lib"
    Type="Library"
    LastWriteTime="133422945624464520" />
  <Object
    Path="C:\Projects\Loupe\AxisLib\example\AsProject\ServoMgr\Logical\Libraries\sys_lib\sys_lib.fun"
    LogicalPath="Libraries.sys_lib.sys_lib.fun"
    Type="File"
    LastWriteTime="133422945624314552"
    Private="false" />
  <Object
    Path="C:\Projects\Loupe\AxisLib\example\AsProject\ServoMgr\Logical\Libraries\sys_lib\sys_lib.typ"
    LogicalPath="Libraries.sys_lib.sys_lib.typ"
    Type="File"
    LastWriteTime="133422945624314552"
    Private="false" />
  <Object
    Path="C:\Projects\Loupe\AxisLib\example\AsProject\ServoMgr\Logical\Libraries\sys_lib\sys_lib.var"
    LogicalPath="Libraries.sys_lib.sys_lib.var"
    Type="File"
    LastWriteTime="133422945624464520"
    Private="false" />
  <Object
    Path="C:\Projects\Loupe\AxisLib\example\AsProject\ServoMgr\Logical\Libraries\AsBrStr\binary.lby"
    LogicalPath="Libraries.AsBrStr"
    Type="Library"
    LastWriteTime="133422945624934527" />
  <Object
    Path="C:\Projects\Loupe\AxisLib\example\AsProject\ServoMgr\Logical\Libraries\AsBrStr\AsBrStr.fun"
    LogicalPath="Libraries.AsBrStr.AsBrStr.fun"
    Type="File"
    LastWriteTime="133422945624934527"
    Private="false" />
  <Object
    Path="C:\Projects\Loupe\AxisLib\example\AsProject\ServoMgr\Logical\Libraries\AsBrStr\AsBrStr.typ"
    LogicalPath="Libraries.AsBrStr.AsBrStr.typ"
    Type="File"
    LastWriteTime="133422945624934527"
    Private="false" />
  <Object
    Path="C:\Projects\Loupe\AxisLib\example\AsProject\ServoMgr\Logical\Libraries\AsBrStr\AsBrStr.var"
    LogicalPath="Libraries.AsBrStr.AsBrStr.var"
    Type="File"
    LastWriteTime="133422945624934527"
    Private="false" />
  <Object
    Path="C:\Projects\Loupe\AxisLib\example\AsProject\ServoMgr\Logical\Libraries\ArEventLog\binary.lby"
    LogicalPath="Libraries.ArEventLog"
    Type="Library"
    LastWriteTime="133422947752144136" />
  <Object
    Path="C:\Projects\Loupe\AxisLib\example\AsProject\ServoMgr\Logical\Libraries\ArEventLog\ArEventLog.fun"
    LogicalPath="Libraries.ArEventLog.ArEventLog.fun"
    Type="File"
    LastWriteTime="133422947751986014"
    Private="false" />
  <Object
    Path="C:\Projects\Loupe\AxisLib\example\AsProject\ServoMgr\Logical\Libraries\ArEventLog\ArEventLog.typ"
    LogicalPath="Libraries.ArEventLog.ArEventLog.typ"
    Type="File"
    LastWriteTime="133422947751986014"
    Private="false" />
  <Object
    Path="C:\Projects\Loupe\AxisLib\example\AsProject\ServoMgr\Logical\Libraries\ArEventLog\ArEventLog.var"
    LogicalPath="Libraries.ArEventLog.ArEventLog.var"
    Type="File"
    LastWriteTime="133422947752144136"
    Private="false" />
  <Object
    Path="C:\Projects\Loupe\AxisLib\example\AsProject\ServoMgr\Logical\Libraries\AsBrWStr\binary.lby"
    LogicalPath="Libraries.AsBrWStr"
    Type="Library"
    LastWriteTime="133422949787939654" />
  <Object
    Path="C:\Projects\Loupe\AxisLib\example\AsProject\ServoMgr\Logical\Libraries\AsBrWStr\AsBrWStr.fun"
    LogicalPath="Libraries.AsBrWStr.AsBrWStr.fun"
    Type="File"
    LastWriteTime="133422949787782903"
    Private="false" />
  <Object
    Path="C:\Projects\Loupe\AxisLib\example\AsProject\ServoMgr\Logical\Libraries\AsBrWStr\AsBrWStr.typ"
    LogicalPath="Libraries.AsBrWStr.AsBrWStr.typ"
    Type="File"
    LastWriteTime="133422949787782903"
    Private="false" />
  <Object
    Path="C:\Projects\Loupe\AxisLib\example\AsProject\ServoMgr\Logical\Libraries\AsBrWStr\AsBrWStr.var"
    LogicalPath="Libraries.AsBrWStr.AsBrWStr.var"
    Type="File"
    LastWriteTime="133422949787939654"
    Private="false" />
  <Object
    Path="C:\Projects\Loupe\AxisLib\example\AsProject\ServoMgr\Logical\Libraries\Acp10_MC\binary.lby"
    LogicalPath="Libraries.Acp10_MC"
    Type="Library"
    LastWriteTime="133422989781978819" />
  <Object
    Path="C:\Projects\Loupe\AxisLib\example\AsProject\ServoMgr\Logical\Libraries\Acp10_MC\acp10_mc.fun"
    LogicalPath="Libraries.Acp10_MC.acp10_mc.fun"
    Type="File"
    LastWriteTime="133422989781826544"
    Private="false" />
  <Object
    Path="C:\Projects\Loupe\AxisLib\example\AsProject\ServoMgr\Logical\Libraries\Acp10_MC\acp10_mc.typ"
    LogicalPath="Libraries.Acp10_MC.acp10_mc.typ"
    Type="File"
    LastWriteTime="133422989781826544"
    Private="false" />
  <Object
    Path="C:\Projects\Loupe\AxisLib\example\AsProject\ServoMgr\Logical\Libraries\Acp10_MC\acp10_mc.var"
    LogicalPath="Libraries.Acp10_MC.acp10_mc.var"
    Type="File"
    LastWriteTime="133422989781978819"
    Private="false" />
  <Object
    Path="C:\Projects\Loupe\AxisLib\example\AsProject\ServoMgr\Logical\Libraries\Acp10man\Binary.lby"
    LogicalPath="Libraries.Acp10man"
    Type="Library"
    LastWriteTime="133422989594947075" />
  <Object
    Path="C:\Projects\Loupe\AxisLib\example\AsProject\ServoMgr\Logical\Libraries\Acp10man\Acp10man.typ"
    LogicalPath="Libraries.Acp10man.Acp10man.typ"
    Type="File"
    LastWriteTime="133422989594947075"
    Private="false" />
  <Object
    Path="C:\Projects\Loupe\AxisLib\example\AsProject\ServoMgr\Logical\Libraries\Acp10par\Binary.lby"
    LogicalPath="Libraries.Acp10par"
    Type="Library"
    LastWriteTime="133422989596040926" />
  <Object
    Path="C:\Projects\Loupe\AxisLib\example\AsProject\ServoMgr\Logical\Libraries\Acp10par\Acp10par.var"
    LogicalPath="Libraries.Acp10par.Acp10par.var"
    Type="File"
    LastWriteTime="133422989596040926"
    Private="false" />
  <Object
    Path="C:\Projects\Loupe\AxisLib\example\AsProject\ServoMgr\Logical\Libraries\NcGlobal\Binary.lby"
    LogicalPath="Libraries.NcGlobal"
    Type="Library"
    LastWriteTime="133422989596512464" />
  <Object
    Path="C:\Projects\Loupe\AxisLib\example\AsProject\ServoMgr\Logical\Libraries\NcGlobal\NcGlobal.fun"
    LogicalPath="Libraries.NcGlobal.NcGlobal.fun"
    Type="File"
    LastWriteTime="133422989596512464"
    Private="false" />
  <Object
    Path="C:\Projects\Loupe\AxisLib\example\AsProject\ServoMgr\Logical\Libraries\NcGlobal\NcGlobal.typ"
    LogicalPath="Libraries.NcGlobal.NcGlobal.typ"
    Type="File"
    LastWriteTime="133422989596512464"
    Private="false" />
  <Object
    Path="C:\Projects\Loupe\AxisLib\example\AsProject\ServoMgr\Logical\Libraries\NcGlobal\NcGlobal.var"
    LogicalPath="Libraries.NcGlobal.NcGlobal.var"
    Type="File"
    LastWriteTime="133422989596512464"
    Private="false" />
  <Object
    Path="C:\Projects\Loupe\AxisLib\example\AsProject\ServoMgr\Logical\Libraries\brsystem\binary.lby"
    LogicalPath="Libraries.brsystem"
    Type="Library"
    LastWriteTime="133422954910012978" />
  <Object
    Path="C:\Projects\Loupe\AxisLib\example\AsProject\ServoMgr\Logical\Libraries\brsystem\brsystem.fun"
    LogicalPath="Libraries.brsystem.brsystem.fun"
    Type="File"
    LastWriteTime="133422954909857916"
    Private="false" />
  <Object
    Path="C:\Projects\Loupe\AxisLib\example\AsProject\ServoMgr\Logical\Libraries\brsystem\brsystem.typ"
    LogicalPath="Libraries.brsystem.brsystem.typ"
    Type="File"
    LastWriteTime="133422954909857916"
    Private="false" />
  <Object
    Path="C:\Projects\Loupe\AxisLib\example\AsProject\ServoMgr\Logical\Libraries\brsystem\brsystem.var"
    LogicalPath="Libraries.brsystem.brsystem.var"
    Type="File"
    LastWriteTime="133422954910012978"
    Private="false" />
  <Object
    Path="C:\Projects\Loupe\AxisLib\example\AsProject\ServoMgr\Logical\Libraries\standard\binary.lby"
    LogicalPath="Libraries.standard"
    Type="Library"
    LastWriteTime="133422955838299406" />
  <Object
    Path="C:\Projects\Loupe\AxisLib\example\AsProject\ServoMgr\Logical\Libraries\standard\standard.fun"
    LogicalPath="Libraries.standard.standard.fun"
    Type="File"
    LastWriteTime="133422955838299406"
    Private="false" />
  <Object
    Path="C:\Projects\Loupe\AxisLib\example\AsProject\ServoMgr\Logical\Libraries\standard\standard.typ"
    LogicalPath="Libraries.standard.standard.typ"
    Type="File"
    LastWriteTime="133422955838299406"
    Private="false" />
  <Object
    Path="C:\Projects\Loupe\AxisLib\example\AsProject\ServoMgr\Logical\Libraries\standard\standard.var"
    LogicalPath="Libraries.standard.standard.var"
    Type="File"
    LastWriteTime="133422955838299406"
    Private="false" />
  <Object
    Path="C:\Projects\Loupe\AxisLib\example\AsProject\ServoMgr\Logical\Libraries\FileIO\binary.lby"
    LogicalPath="Libraries.FileIO"
    Type="Library"
    LastWriteTime="133422961273809523" />
  <Object
    Path="C:\Projects\Loupe\AxisLib\example\AsProject\ServoMgr\Logical\Libraries\FileIO\FileIO.fun"
    LogicalPath="Libraries.FileIO.FileIO.fun"
    Type="File"
    LastWriteTime="133422961273652705"
    Private="false" />
  <Object
    Path="C:\Projects\Loupe\AxisLib\example\AsProject\ServoMgr\Logical\Libraries\FileIO\FileIO.typ"
    LogicalPath="Libraries.FileIO.FileIO.typ"
    Type="File"
    LastWriteTime="133422961273652705"
    Private="false" />
  <Object
    Path="C:\Projects\Loupe\AxisLib\example\AsProject\ServoMgr\Logical\Libraries\FileIO\FileIO.var"
    LogicalPath="Libraries.FileIO.FileIO.var"
    Type="File"
    LastWriteTime="133422961273809523"
    Private="false" />
  <Object
    Path="C:\Projects\Loupe\AxisLib\example\AsProject\ServoMgr\Logical\Libraries\AsArLog\binary.lby"
    LogicalPath="Libraries.AsArLog"
    Type="Library"
    LastWriteTime="133422961274276914" />
  <Object
    Path="C:\Projects\Loupe\AxisLib\example\AsProject\ServoMgr\Logical\Libraries\AsArLog\AsArLog.fun"
    LogicalPath="Libraries.AsArLog.AsArLog.fun"
    Type="File"
    LastWriteTime="133422961274276914"
    Private="false" />
  <Object
    Path="C:\Projects\Loupe\AxisLib\example\AsProject\ServoMgr\Logical\Libraries\AsArLog\AsArLog.typ"
    LogicalPath="Libraries.AsArLog.AsArLog.typ"
    Type="File"
    LastWriteTime="133422961274276914"
    Private="false" />
  <Object
    Path="C:\Projects\Loupe\AxisLib\example\AsProject\ServoMgr\Logical\Libraries\AsArLog\AsArLog.var"
    LogicalPath="Libraries.AsArLog.AsArLog.var"
    Type="File"
    LastWriteTime="133422961274276914"
    Private="false" />
  <Object
    Path="C:\Projects\Loupe\AxisLib\example\AsProject\ServoMgr\Logical\Libraries\asstring\binary.lby"
    LogicalPath="Libraries.asstring"
    Type="Library"
    LastWriteTime="133422987049144816" />
  <Object
    Path="C:\Projects\Loupe\AxisLib\example\AsProject\ServoMgr\Logical\Libraries\asstring\asstring.fun"
    LogicalPath="Libraries.asstring.asstring.fun"
    Type="File"
    LastWriteTime="133422987049144816"
    Private="false" />
  <Object
    Path="C:\Projects\Loupe\AxisLib\example\AsProject\ServoMgr\Logical\Libraries\asstring\asstring.typ"
    LogicalPath="Libraries.asstring.asstring.typ"
    Type="File"
    LastWriteTime="133422987049144816"
    Private="false" />
  <Object
    Path="C:\Projects\Loupe\AxisLib\example\AsProject\ServoMgr\Logical\Libraries\asstring\asstring.var"
    LogicalPath="Libraries.asstring.asstring.var"
    Type="File"
    LastWriteTime="133422987049144816"
    Private="false" />
  <Object
    Path="C:\Projects\Loupe\AxisLib\example\AsProject\ServoMgr\Logical\Libraries\Loupe\Package.pkg"
    LogicalPath="Libraries.Loupe"
    Type="Package"
    LastWriteTime="133426313963984466" />
  <Object
    Path="C:\Projects\Loupe\AxisLib\src\Ar\AxisLib\ANSIC.lby"
    LogicalPath="Libraries.Loupe.AxisLib"
    Type="Library"
    LastWriteTime="133426317393983707" />
  <Object
    Path="C:\Projects\Loupe\AxisLib\src\Ar\AxisLib\AxisLib.html"
    LogicalPath="Libraries.Loupe.AxisLib.AxisLib.html"
    Type="File"
    LastWriteTime="133426317394142305"
    Private="false" />
  <Object
    Path="C:\Projects\Loupe\AxisLib\src\Ar\AxisLib\AxisLib.md"
    LogicalPath="Libraries.Loupe.AxisLib.AxisLib.md"
    Type="File"
    LastWriteTime="133426317394142305"
    Private="false" />
  <Object
    Path="C:\Projects\Loupe\AxisLib\src\Ar\AxisLib\VersionHistory.txt"
    LogicalPath="Libraries.Loupe.AxisLib.VersionHistory.txt"
    Type="File"
    LastWriteTime="133420356234198373"
    Private="false" />
  <Object
    Path="C:\Projects\Loupe\AxisLib\src\Ar\AxisLib\Types.typ"
    LogicalPath="Libraries.Loupe.AxisLib.Types.typ"
    Type="File"
    LastWriteTime="133426317488827724"
    Private="false" />
  <Object
    Path="C:\Projects\Loupe\AxisLib\src\Ar\AxisLib\Constants.var"
    LogicalPath="Libraries.Loupe.AxisLib.Constants.var"
    Type="File"
    LastWriteTime="133426317394299046"
    Private="false" />
  <Object
    Path="C:\Projects\Loupe\AxisLib\src\Ar\AxisLib\AxisLib.fun"
    LogicalPath="Libraries.Loupe.AxisLib.AxisLib.fun"
    Type="File"
    LastWriteTime="133426317394142305"
    Private="false" />
  <Object
    Path="C:\Projects\Loupe\AxisLib\src\Ar\AxisLib\AxisStatus.c"
    LogicalPath="Libraries.Loupe.AxisLib.AxisStatus.c"
    Type="File"
    LastWriteTime="133426317394299046"
    Private="false" />
  <Object
    Path="C:\Projects\Loupe\AxisLib\src\Ar\AxisLib\AxisReference.c"
    LogicalPath="Libraries.Loupe.AxisLib.AxisReference.c"
    Type="File"
    LastWriteTime="133426317394142305"
    Private="false" />
  <Object
    Path="C:\Projects\Loupe\AxisLib\src\Ar\AxisLib\AxisBasicFn_Cyclic.c"
    LogicalPath="Libraries.Loupe.AxisLib.AxisBasicFn_Cyclic.c"
    Type="File"
    LastWriteTime="133426317393983707"
    Private="false" />
  <Object
    Path="C:\Projects\Loupe\AxisLib\src\Ar\AxisLib\AxisBasicFn_Fast.c"
    LogicalPath="Libraries.Loupe.AxisLib.AxisBasicFn_Fast.c"
    Type="File"
    LastWriteTime="133426317394142305"
    Private="false" />
  <Object
    Path="C:\Projects\Loupe\AxisLib\src\Ar\AxisLib\axisInternalFastFn.c"
    LogicalPath="Libraries.Loupe.AxisLib.axisInternalFastFn.c"
    Type="File"
    LastWriteTime="133426317394142305"
    Private="false" />
  <Object
    Path="C:\Projects\Loupe\AxisLib\src\Ar\AxisLib\AxisRestorePosition.c"
    LogicalPath="Libraries.Loupe.AxisLib.AxisRestorePosition.c"
    Type="File"
    LastWriteTime="133426317394142305"
    Private="false" />
  <Object
    Path="C:\Projects\Loupe\AxisLib\src\Ar\AxisLib\AxisExpandLimit.c"
    LogicalPath="Libraries.Loupe.AxisLib.AxisExpandLimit.c"
    Type="File"
    LastWriteTime="133426317394142305"
    Private="false" />
  <Object
    Path="C:\Projects\Loupe\AxisLib\example\AsProject\ServoMgr\Logical\Libraries\Loupe\piper\Binary.lby"
    LogicalPath="Libraries.Loupe.piper"
    Type="Library"
    LastWriteTime="133426311891032756" />
  <Object
    Path="C:\Projects\Loupe\AxisLib\example\AsProject\ServoMgr\Logical\Libraries\Loupe\piper\VersionHistory.txt"
    LogicalPath="Libraries.Loupe.piper.VersionHistory.txt"
    Type="File"
    LastWriteTime="133426311890874351"
    Private="false" />
  <Object
    Path="C:\Projects\Loupe\AxisLib\example\AsProject\ServoMgr\Logical\Libraries\Loupe\piper\Piper.typ"
    LogicalPath="Libraries.Loupe.piper.Piper.typ"
    Type="File"
    LastWriteTime="133426311890874351"
    Private="false" />
  <Object
    Path="C:\Projects\Loupe\AxisLib\example\AsProject\ServoMgr\Logical\Libraries\Loupe\piper\Piper.var"
    LogicalPath="Libraries.Loupe.piper.Piper.var"
    Type="File"
    LastWriteTime="133426311890874351"
    Private="false" />
  <Object
    Path="C:\Projects\Loupe\AxisLib\example\AsProject\ServoMgr\Logical\Libraries\Loupe\piper\Piper.fun"
    LogicalPath="Libraries.Loupe.piper.Piper.fun"
    Type="File"
    LastWriteTime="133426311891032756"
    Private="false" />
  <Object
    Path="C:\Projects\Loupe\AxisLib\example\AsProject\ServoMgr\Logical\Libraries\Loupe\stringext\Binary.lby"
    LogicalPath="Libraries.Loupe.stringext"
    Type="Library"
    LastWriteTime="133426312128372749" />
  <Object
    Path="C:\Projects\Loupe\AxisLib\example\AsProject\ServoMgr\Logical\Libraries\Loupe\stringext\RevisionHistory.txt"
    LogicalPath="Libraries.Loupe.stringext.RevisionHistory.txt"
    Type="File"
    LastWriteTime="133426312128065881"
    Private="false" />
  <Object
    Path="C:\Projects\Loupe\AxisLib\example\AsProject\ServoMgr\Logical\Libraries\Loupe\stringext\LICENSE.txt"
    LogicalPath="Libraries.Loupe.stringext.LICENSE.txt"
    Type="File"
    LastWriteTime="133426312128250083"
    Private="false" />
  <Object
    Path="C:\Projects\Loupe\AxisLib\example\AsProject\ServoMgr\Logical\Libraries\Loupe\stringext\StringExt.typ"
    LogicalPath="Libraries.Loupe.stringext.StringExt.typ"
    Type="File"
    LastWriteTime="133426312128270946"
    Private="false" />
  <Object
    Path="C:\Projects\Loupe\AxisLib\example\AsProject\ServoMgr\Logical\Libraries\Loupe\stringext\StringExt.var"
    LogicalPath="Libraries.Loupe.stringext.StringExt.var"
    Type="File"
    LastWriteTime="133426312128270946"
    Private="false" />
  <Object
    Path="C:\Projects\Loupe\AxisLib\example\AsProject\ServoMgr\Logical\Libraries\Loupe\stringext\StringExt.fun"
    LogicalPath="Libraries.Loupe.stringext.StringExt.fun"
    Type="File"
    LastWriteTime="133426312128270946"
    Private="false" />
  <Object
    Path="C:\Projects\Loupe\AxisLib\example\AsProject\ServoMgr\Logical\Libraries\Loupe\logthat\Binary.lby"
    LogicalPath="Libraries.Loupe.logthat"
    Type="Library"
    LastWriteTime="133426312426887332" />
  <Object
    Path="C:\Projects\Loupe\AxisLib\example\AsProject\ServoMgr\Logical\Libraries\Loupe\logthat\Types.typ"
    LogicalPath="Libraries.Loupe.logthat.Types.typ"
    Type="File"
    LastWriteTime="133426312426578846"
    Private="false" />
  <Object
    Path="C:\Projects\Loupe\AxisLib\example\AsProject\ServoMgr\Logical\Libraries\Loupe\logthat\Constants.var"
    LogicalPath="Libraries.Loupe.logthat.Constants.var"
    Type="File"
    LastWriteTime="133426312426734318"
    Private="false" />
  <Object
    Path="C:\Projects\Loupe\AxisLib\example\AsProject\ServoMgr\Logical\Libraries\Loupe\logthat\LogThat.fun"
    LogicalPath="Libraries.Loupe.logthat.LogThat.fun"
    Type="File"
    LastWriteTime="133426312426734318"
    Private="false" />
  <Object
    Path="C:\Projects\Loupe\AxisLib\example\AsProject\ServoMgr\Logical\Libraries\Loupe\logthat\LogInternalWrite.h"
    LogicalPath="Libraries.Loupe.logthat.LogInternalWrite.h"
    Type="File"
    LastWriteTime="133426312426887332"
    Private="false" />
  <Object
    Path="C:\Projects\Loupe\AxisLib\example\AsProject\ServoMgr\Logical\Libraries\Loupe\logthat\README.md"
    LogicalPath="Libraries.Loupe.logthat.README.md"
    Type="File"
    LastWriteTime="133426312426887332"
    Private="false" />
  <Object
    Path="C:\Projects\Loupe\AxisLib\example\AsProject\ServoMgr\Logical\Libraries\Loupe\logthat\LICENSE.md"
    LogicalPath="Libraries.Loupe.logthat.LICENSE.md"
    Type="File"
    LastWriteTime="133426312426887332"
    Private="false" />
  <Object
    Path="C:\Projects\Loupe\AxisLib\example\AsProject\ServoMgr\Logical\Libraries\Loupe\AxisErrLib\Binary.lby"
    LogicalPath="Libraries.Loupe.AxisErrLib"
    Type="Library"
    LastWriteTime="133426312581889884" />
  <Object
    Path="C:\Projects\Loupe\AxisLib\example\AsProject\ServoMgr\Logical\Libraries\Loupe\AxisErrLib\VersionHistory.txt"
    LogicalPath="Libraries.Loupe.AxisErrLib.VersionHistory.txt"
    Type="File"
    LastWriteTime="133426312581730979"
    Private="false" />
  <Object
    Path="C:\Projects\Loupe\AxisLib\example\AsProject\ServoMgr\Logical\Libraries\Loupe\AxisErrLib\Types.typ"
    LogicalPath="Libraries.Loupe.AxisErrLib.Types.typ"
    Type="File"
    LastWriteTime="133426312581730979"
    Private="false" />
  <Object
    Path="C:\Projects\Loupe\AxisLib\example\AsProject\ServoMgr\Logical\Libraries\Loupe\AxisErrLib\Constants.var"
    LogicalPath="Libraries.Loupe.AxisErrLib.Constants.var"
    Type="File"
    LastWriteTime="133426312581730979"
    Private="false" />
  <Object
    Path="C:\Projects\Loupe\AxisLib\example\AsProject\ServoMgr\Logical\Libraries\Loupe\AxisErrLib\AxisErrLib.fun"
    LogicalPath="Libraries.Loupe.AxisErrLib.AxisErrLib.fun"
    Type="File"
    LastWriteTime="133426312581889884"
    Private="false" />
  <Object
    Path="C:\Projects\Loupe\AxisLib\example\AsProject\ServoMgr\Logical\Libraries\Loupe\errorlib\Binary.lby"
    LogicalPath="Libraries.Loupe.errorlib"
    Type="Library"
    LastWriteTime="133426312929856102" />
  <Object
    Path="C:\Projects\Loupe\AxisLib\example\AsProject\ServoMgr\Logical\Libraries\Loupe\errorlib\ErrorLib.html"
    LogicalPath="Libraries.Loupe.errorlib.ErrorLib.html"
    Type="File"
    LastWriteTime="133426312929543675"
    Private="false" />
  <Object
    Path="C:\Projects\Loupe\AxisLib\example\AsProject\ServoMgr\Logical\Libraries\Loupe\errorlib\ErrorLib.md"
    LogicalPath="Libraries.Loupe.errorlib.ErrorLib.md"
    Type="File"
    LastWriteTime="133426312929543675"
    Private="false" />
  <Object
    Path="C:\Projects\Loupe\AxisLib\example\AsProject\ServoMgr\Logical\Libraries\Loupe\errorlib\ErrorLibOverview.graffle"
    LogicalPath="Libraries.Loupe.errorlib.ErrorLibOverview.graffle"
    Type="File"
    LastWriteTime="133426312929543675"
    Private="false" />
  <Object
    Path="C:\Projects\Loupe\AxisLib\example\AsProject\ServoMgr\Logical\Libraries\Loupe\errorlib\ErrorLibOverview.png"
    LogicalPath="Libraries.Loupe.errorlib.ErrorLibOverview.png"
    Type="File"
    LastWriteTime="133426312929543675"
    Private="false" />
  <Object
    Path="C:\Projects\Loupe\AxisLib\example\AsProject\ServoMgr\Logical\Libraries\Loupe\errorlib\VersionHistory.txt"
    LogicalPath="Libraries.Loupe.errorlib.VersionHistory.txt"
    Type="File"
    LastWriteTime="133426312929705044"
    Private="false" />
  <Object
    Path="C:\Projects\Loupe\AxisLib\example\AsProject\ServoMgr\Logical\Libraries\Loupe\errorlib\ErrorLib.typ"
    LogicalPath="Libraries.Loupe.errorlib.ErrorLib.typ"
    Type="File"
    LastWriteTime="133426312929705044"
    Private="false" />
  <Object
    Path="C:\Projects\Loupe\AxisLib\example\AsProject\ServoMgr\Logical\Libraries\Loupe\errorlib\ErrorLib.var"
    LogicalPath="Libraries.Loupe.errorlib.ErrorLib.var"
    Type="File"
    LastWriteTime="133426312929705044"
    Private="false" />
  <Object
    Path="C:\Projects\Loupe\AxisLib\example\AsProject\ServoMgr\Logical\Libraries\Loupe\errorlib\ErrorLib.fun"
    LogicalPath="Libraries.Loupe.errorlib.ErrorLib.fun"
    Type="File"
    LastWriteTime="133426312929705044"
    Private="false" />
  <Object
    Path="C:\Projects\Loupe\AxisLib\example\AsProject\ServoMgr\Logical\Libraries\Loupe\errorlib\ErrorLib_enum.typ"
    LogicalPath="Libraries.Loupe.errorlib.ErrorLib_enum.typ"
    Type="File"
    LastWriteTime="133426312929705044"
    Private="false" />
  <Object
    Path="C:\Projects\Loupe\AxisLib\example\AsProject\ServoMgr\Logical\Libraries\Loupe\errorlib\ErrorCollector.typ"
    LogicalPath="Libraries.Loupe.errorlib.ErrorCollector.typ"
    Type="File"
    LastWriteTime="133426312929856102"
    Private="false" />
  <Object
    Path="C:\Projects\Loupe\AxisLib\example\AsProject\ServoMgr\Logical\Libraries\Loupe\errorlib\ErrorCollector_HMI.typ"
    LogicalPath="Libraries.Loupe.errorlib.ErrorCollector_HMI.typ"
    Type="File"
    LastWriteTime="133426312929856102"
    Private="false" />
  <Object
    Path="C:\Projects\Loupe\AxisLib\example\AsProject\ServoMgr\Logical\Libraries\Loupe\hmitools\Binary.lby"
    LogicalPath="Libraries.Loupe.hmitools"
    Type="Library"
    LastWriteTime="133426313219704224" />
  <Object
    Path="C:\Projects\Loupe\AxisLib\example\AsProject\ServoMgr\Logical\Libraries\Loupe\hmitools\HMITools.html"
    LogicalPath="Libraries.Loupe.hmitools.HMITools.html"
    Type="File"
    LastWriteTime="133426313219233687"
    Private="false" />
  <Object
    Path="C:\Projects\Loupe\AxisLib\example\AsProject\ServoMgr\Logical\Libraries\Loupe\hmitools\HMITools.md"
    LogicalPath="Libraries.Loupe.hmitools.HMITools.md"
    Type="File"
    LastWriteTime="133426313219233687"
    Private="false" />
  <Object
    Path="C:\Projects\Loupe\AxisLib\example\AsProject\ServoMgr\Logical\Libraries\Loupe\hmitools\VersionHistory.txt"
    LogicalPath="Libraries.Loupe.hmitools.VersionHistory.txt"
    Type="File"
    LastWriteTime="133426313219233687"
    Private="false" />
  <Object
    Path="C:\Projects\Loupe\AxisLib\example\AsProject\ServoMgr\Logical\Libraries\Loupe\hmitools\Coffee_Machine.png"
    LogicalPath="Libraries.Loupe.hmitools.Coffee_Machine.png"
    Type="File"
    LastWriteTime="133426313219389031"
    Private="false" />
  <Object
    Path="C:\Projects\Loupe\AxisLib\example\AsProject\ServoMgr\Logical\Libraries\Loupe\hmitools\HMITools.typ"
    LogicalPath="Libraries.Loupe.hmitools.HMITools.typ"
    Type="File"
    LastWriteTime="133426313219389031"
    Private="false" />
  <Object
    Path="C:\Projects\Loupe\AxisLib\example\AsProject\ServoMgr\Logical\Libraries\Loupe\hmitools\HMITools.var"
    LogicalPath="Libraries.Loupe.hmitools.HMITools.var"
    Type="File"
    LastWriteTime="133426313219389031"
    Private="false" />
  <Object
    Path="C:\Projects\Loupe\AxisLib\example\AsProject\ServoMgr\Logical\Libraries\Loupe\hmitools\HMITools.fun"
    LogicalPath="Libraries.Loupe.hmitools.HMITools.fun"
    Type="File"
    LastWriteTime="133426313219389031"
    Private="false" />
  <Object
    Path="C:\Projects\Loupe\AxisLib\example\AsProject\ServoMgr\Logical\Libraries\Loupe\hmitools\HMI_Basic.typ"
    LogicalPath="Libraries.Loupe.hmitools.HMI_Basic.typ"
    Type="File"
    LastWriteTime="133426313219389031"
    Private="false" />
  <Object
    Path="C:\Projects\Loupe\AxisLib\example\AsProject\ServoMgr\Logical\Libraries\Loupe\hmitools\HMI_Basic.var"
    LogicalPath="Libraries.Loupe.hmitools.HMI_Basic.var"
    Type="File"
    LastWriteTime="133426313219546338"
    Private="false" />
  <Object
    Path="C:\Projects\Loupe\AxisLib\example\AsProject\ServoMgr\Logical\Libraries\Loupe\hmitools\HMI_File_Browse.typ"
    LogicalPath="Libraries.Loupe.hmitools.HMI_File_Browse.typ"
    Type="File"
    LastWriteTime="133426313219546338"
    Private="false" />
  <Object
    Path="C:\Projects\Loupe\AxisLib\example\AsProject\ServoMgr\Logical\Libraries\Loupe\hmitools\LogViewer.typ"
    LogicalPath="Libraries.Loupe.hmitools.LogViewer.typ"
    Type="File"
    LastWriteTime="133426313219546338"
    Private="false" />
  <Object
    Path="C:\Projects\Loupe\AxisLib\example\AsProject\ServoMgr\Logical\Libraries\Loupe\hmitools\EditorControl.typ"
    LogicalPath="Libraries.Loupe.hmitools.EditorControl.typ"
    Type="File"
    LastWriteTime="133426313219546338"
    Private="false" />
  <Object
    Path="C:\Projects\Loupe\AxisLib\example\AsProject\ServoMgr\Logical\Libraries\Loupe\hmitools\HMI_Trend.typ"
    LogicalPath="Libraries.Loupe.hmitools.HMI_Trend.typ"
    Type="File"
    LastWriteTime="133426313219546338"
    Private="false" />
  <Object
    Path="C:\Projects\Loupe\AxisLib\example\AsProject\ServoMgr\Logical\Libraries\Loupe\hmitools\RecipeMgr.typ"
    LogicalPath="Libraries.Loupe.hmitools.RecipeMgr.typ"
    Type="File"
    LastWriteTime="133426313219546338"
    Private="false" />
  <Object
    Path="C:\Projects\Loupe\AxisLib\example\AsProject\ServoMgr\Logical\Libraries\Loupe\hmitools\Updater.typ"
    LogicalPath="Libraries.Loupe.hmitools.Updater.typ"
    Type="File"
    LastWriteTime="133426313219704224"
    Private="false" />
  <Object
    Path="C:\Projects\Loupe\AxisLib\example\AsProject\ServoMgr\Logical\Libraries\Loupe\ringbuflib\Binary.lby"
    LogicalPath="Libraries.Loupe.ringbuflib"
    Type="Library"
    LastWriteTime="133426313340017120" />
  <Object
    Path="C:\Projects\Loupe\AxisLib\example\AsProject\ServoMgr\Logical\Libraries\Loupe\ringbuflib\RingBufLib.html"
    LogicalPath="Libraries.Loupe.ringbuflib.RingBufLib.html"
    Type="File"
    LastWriteTime="133426313339859100"
    Private="false" />
  <Object
    Path="C:\Projects\Loupe\AxisLib\example\AsProject\ServoMgr\Logical\Libraries\Loupe\ringbuflib\RingBufLib.md"
    LogicalPath="Libraries.Loupe.ringbuflib.RingBufLib.md"
    Type="File"
    LastWriteTime="133426313339859100"
    Private="false" />
  <Object
    Path="C:\Projects\Loupe\AxisLib\example\AsProject\ServoMgr\Logical\Libraries\Loupe\ringbuflib\VersionHistory.txt"
    LogicalPath="Libraries.Loupe.ringbuflib.VersionHistory.txt"
    Type="File"
    LastWriteTime="133426313339859100"
    Private="false" />
  <Object
    Path="C:\Projects\Loupe\AxisLib\example\AsProject\ServoMgr\Logical\Libraries\Loupe\ringbuflib\RingBufLib.typ"
    LogicalPath="Libraries.Loupe.ringbuflib.RingBufLib.typ"
    Type="File"
    LastWriteTime="133426313340017120"
    Private="false" />
  <Object
    Path="C:\Projects\Loupe\AxisLib\example\AsProject\ServoMgr\Logical\Libraries\Loupe\ringbuflib\RingBufLib.fun"
    LogicalPath="Libraries.Loupe.ringbuflib.RingBufLib.fun"
    Type="File"
    LastWriteTime="133426313340017120"
    Private="false" />
  <Object
    Path="C:\Projects\Loupe\AxisLib\example\AsProject\ServoMgr\Logical\Libraries\Loupe\csvfilelib\Binary.lby"
    LogicalPath="Libraries.Loupe.csvfilelib"
    Type="Library"
    LastWriteTime="133426313499235332" />
  <Object
    Path="C:\Projects\Loupe\AxisLib\example\AsProject\ServoMgr\Logical\Libraries\Loupe\csvfilelib\CSVFileLib.html"
    LogicalPath="Libraries.Loupe.csvfilelib.CSVFileLib.html"
    Type="File"
    LastWriteTime="133426313499073900"
    Private="false" />
  <Object
    Path="C:\Projects\Loupe\AxisLib\example\AsProject\ServoMgr\Logical\Libraries\Loupe\csvfilelib\CSVFileLib.md"
    LogicalPath="Libraries.Loupe.csvfilelib.CSVFileLib.md"
    Type="File"
    LastWriteTime="133426313499073900"
    Private="false" />
  <Object
    Path="C:\Projects\Loupe\AxisLib\example\AsProject\ServoMgr\Logical\Libraries\Loupe\csvfilelib\VersionHistory.txt"
    LogicalPath="Libraries.Loupe.csvfilelib.VersionHistory.txt"
    Type="File"
    LastWriteTime="133426313499073900"
    Private="false" />
  <Object
    Path="C:\Projects\Loupe\AxisLib\example\AsProject\ServoMgr\Logical\Libraries\Loupe\csvfilelib\CSVFileLib.typ"
    LogicalPath="Libraries.Loupe.csvfilelib.CSVFileLib.typ"
    Type="File"
    LastWriteTime="133426313499073900"
    Private="false" />
  <Object
    Path="C:\Projects\Loupe\AxisLib\example\AsProject\ServoMgr\Logical\Libraries\Loupe\csvfilelib\CSVFileLib.var"
    LogicalPath="Libraries.Loupe.csvfilelib.CSVFileLib.var"
    Type="File"
    LastWriteTime="133426313499073900"
    Private="false" />
  <Object
    Path="C:\Projects\Loupe\AxisLib\example\AsProject\ServoMgr\Logical\Libraries\Loupe\csvfilelib\CSVFileLib.fun"
    LogicalPath="Libraries.Loupe.csvfilelib.CSVFileLib.fun"
    Type="File"
    LastWriteTime="133426313499235332"
    Private="false" />
  <Object
    Path="C:\Projects\Loupe\AxisLib\example\AsProject\ServoMgr\Logical\Libraries\Loupe\csvfilelib\CSVFileLib_enum.typ"
    LogicalPath="Libraries.Loupe.csvfilelib.CSVFileLib_enum.typ"
    Type="File"
    LastWriteTime="133426313499235332"
    Private="false" />
  <Object
    Path="C:\Projects\Loupe\AxisLib\example\AsProject\ServoMgr\Logical\Libraries\Loupe\csvfilelib\CSVFileMgr.typ"
    LogicalPath="Libraries.Loupe.csvfilelib.CSVFileMgr.typ"
    Type="File"
    LastWriteTime="133426313499235332"
    Private="false" />
  <Object
    Path="C:\Projects\Loupe\AxisLib\example\AsProject\ServoMgr\Logical\Libraries\Loupe\csvfilelib\CSVFileMgr_HMI.typ"
    LogicalPath="Libraries.Loupe.csvfilelib.CSVFileMgr_HMI.typ"
    Type="File"
    LastWriteTime="133426313499235332"
    Private="false" />
  <Object
    Path="C:\Projects\Loupe\AxisLib\example\AsProject\ServoMgr\Logical\Libraries\Loupe\csvfilelib\BuildOptions.txt"
    LogicalPath="Libraries.Loupe.csvfilelib.BuildOptions.txt"
    Type="File"
    LastWriteTime="133426313499235332"
    Private="false" />
  <Object
    Path="C:\Projects\Loupe\AxisLib\example\AsProject\ServoMgr\Logical\Libraries\Loupe\fiowrap\Binary.lby"
    LogicalPath="Libraries.Loupe.fiowrap"
    Type="Library"
    LastWriteTime="133426313673210332" />
  <Object
    Path="C:\Projects\Loupe\AxisLib\example\AsProject\ServoMgr\Logical\Libraries\Loupe\fiowrap\FIOWrap.html"
    LogicalPath="Libraries.Loupe.fiowrap.FIOWrap.html"
    Type="File"
    LastWriteTime="133426313673044718"
    Private="false" />
  <Object
    Path="C:\Projects\Loupe\AxisLib\example\AsProject\ServoMgr\Logical\Libraries\Loupe\fiowrap\FIOWrap.md"
    LogicalPath="Libraries.Loupe.fiowrap.FIOWrap.md"
    Type="File"
    LastWriteTime="133426313673044718"
    Private="false" />
  <Object
    Path="C:\Projects\Loupe\AxisLib\example\AsProject\ServoMgr\Logical\Libraries\Loupe\fiowrap\VersionHistory.txt"
    LogicalPath="Libraries.Loupe.fiowrap.VersionHistory.txt"
    Type="File"
    LastWriteTime="133426313673210332"
    Private="false" />
  <Object
    Path="C:\Projects\Loupe\AxisLib\example\AsProject\ServoMgr\Logical\Libraries\Loupe\fiowrap\FIOWrap.typ"
    LogicalPath="Libraries.Loupe.fiowrap.FIOWrap.typ"
    Type="File"
    LastWriteTime="133426313673210332"
    Private="false" />
  <Object
    Path="C:\Projects\Loupe\AxisLib\example\AsProject\ServoMgr\Logical\Libraries\Loupe\fiowrap\FIOWrap.var"
    LogicalPath="Libraries.Loupe.fiowrap.FIOWrap.var"
    Type="File"
    LastWriteTime="133426313673210332"
    Private="false" />
  <Object
    Path="C:\Projects\Loupe\AxisLib\example\AsProject\ServoMgr\Logical\Libraries\Loupe\fiowrap\FIOWrap.fun"
    LogicalPath="Libraries.Loupe.fiowrap.FIOWrap.fun"
    Type="File"
    LastWriteTime="133426313673210332"
    Private="false" />
  <Object
    Path="C:\Projects\Loupe\AxisLib\example\AsProject\ServoMgr\Logical\Libraries\Loupe\persist\Binary.lby"
    LogicalPath="Libraries.Loupe.persist"
    Type="Library"
    LastWriteTime="133426313804140652" />
  <Object
    Path="C:\Projects\Loupe\AxisLib\example\AsProject\ServoMgr\Logical\Libraries\Loupe\persist\VersionHistory.txt"
    LogicalPath="Libraries.Loupe.persist.VersionHistory.txt"
    Type="File"
    LastWriteTime="133426313804140652"
    Private="false" />
  <Object
    Path="C:\Projects\Loupe\AxisLib\example\AsProject\ServoMgr\Logical\Libraries\Loupe\persist\Persist.typ"
    LogicalPath="Libraries.Loupe.persist.Persist.typ"
    Type="File"
    LastWriteTime="133426313804140652"
    Private="false" />
  <Object
    Path="C:\Projects\Loupe\AxisLib\example\AsProject\ServoMgr\Logical\Libraries\Loupe\persist\Persist.var"
    LogicalPath="Libraries.Loupe.persist.Persist.var"
    Type="File"
    LastWriteTime="133426313804140652"
    Private="false" />
  <Object
    Path="C:\Projects\Loupe\AxisLib\example\AsProject\ServoMgr\Logical\Libraries\Loupe\persist\Persist.fun"
    LogicalPath="Libraries.Loupe.persist.Persist.fun"
    Type="File"
    LastWriteTime="133426313804140652"
    Private="false" />
  <Object
    Path="C:\Projects\Loupe\AxisLib\example\AsProject\ServoMgr\Logical\Libraries\Loupe\vartools\Binary.lby"
    LogicalPath="Libraries.Loupe.vartools"
    Type="Library"
    LastWriteTime="133426313963830328" />
  <Object
    Path="C:\Projects\Loupe\AxisLib\example\AsProject\ServoMgr\Logical\Libraries\Loupe\vartools\RevisionHistory.txt"
    LogicalPath="Libraries.Loupe.vartools.RevisionHistory.txt"
    Type="File"
    LastWriteTime="133426313963671475"
    Private="false" />
  <Object
    Path="C:\Projects\Loupe\AxisLib\example\AsProject\ServoMgr\Logical\Libraries\Loupe\vartools\VarTools.typ"
    LogicalPath="Libraries.Loupe.vartools.VarTools.typ"
    Type="File"
    LastWriteTime="133426313963671475"
    Private="false" />
  <Object
    Path="C:\Projects\Loupe\AxisLib\example\AsProject\ServoMgr\Logical\Libraries\Loupe\vartools\VarTools.var"
    LogicalPath="Libraries.Loupe.vartools.VarTools.var"
    Type="File"
    LastWriteTime="133426313963671475"
    Private="false" />
  <Object
    Path="C:\Projects\Loupe\AxisLib\example\AsProject\ServoMgr\Logical\Libraries\Loupe\vartools\VarTools.fun"
    LogicalPath="Libraries.Loupe.vartools.VarTools.fun"
    Type="File"
    LastWriteTime="133426313963671475"
    Private="false" />
  <Object
    Path="C:\Projects\Loupe\AxisLib\example\AsProject\ServoMgr\Logical\Libraries\Loupe\vartools\varToolsInternal.h"
    LogicalPath="Libraries.Loupe.vartools.varToolsInternal.h"
    Type="File"
    LastWriteTime="133426313963830328"
    Private="false" />
  <Object
    Path="C:\Projects\Loupe\AxisLib\example\AsProject\ServoMgr\Logical\Infrastructure\Package.pkg"
    LogicalPath="Infrastructure"
    Type="Package"
    LastWriteTime="133426316126332169" />
  <Object
    Path="C:\Projects\Loupe\AxisLib\example\AsProject\ServoMgr\Logical\Infrastructure\FirstInitProg\IEC.prg"
    LogicalPath="Infrastructure.FirstInitProg"
    Type="Program"
    LastWriteTime="133426316016485380" />
  <Object
    Path="C:\Projects\Loupe\AxisLib\example\AsProject\ServoMgr\Logical\Infrastructure\FirstInitProg\Init.st"
    LogicalPath="Infrastructure.FirstInitProg.Init.st"
    Type="File"
    LastWriteTime="133426316016330980"
    Private="false" />
  <Object
    Path="C:\Projects\Loupe\AxisLib\example\AsProject\ServoMgr\Logical\Infrastructure\FirstInitProg\Cyclic.st"
    LogicalPath="Infrastructure.FirstInitProg.Cyclic.st"
    Type="File"
    LastWriteTime="133426316016330980"
    Private="false" />
  <Object
    Path="C:\Projects\Loupe\AxisLib\example\AsProject\ServoMgr\Logical\Infrastructure\FirstInitProg\Types.typ"
    LogicalPath="Infrastructure.FirstInitProg.Types.typ"
    Type="File"
    LastWriteTime="133426316016330980"
    Private="true" />
  <Object
    Path="C:\Projects\Loupe\AxisLib\example\AsProject\ServoMgr\Logical\Infrastructure\FirstInitProg\Variables.var"
    LogicalPath="Infrastructure.FirstInitProg.Variables.var"
    Type="File"
    LastWriteTime="133426316016330980"
    Private="true" />
  <Object
    Path="C:\Projects\Loupe\AxisLib\example\AsProject\ServoMgr\Logical\Infrastructure\Infrastructure.typ"
    LogicalPath="Infrastructure.Infrastructure.typ"
    Type="File"
    LastWriteTime="133426316016485380"
    Private="false" />
  <Object
    Path="C:\Projects\Loupe\AxisLib\example\AsProject\ServoMgr\Logical\Infrastructure\Infrastructure.var"
    LogicalPath="Infrastructure.Infrastructure.var"
    Type="File"
    LastWriteTime="133426316016485380"
    Private="false" />
  <Object
    Path="C:\Projects\Loupe\AxisLib\example\AsProject\ServoMgr\Logical\MachineControl\Package.pkg"
    LogicalPath="MachineControl"
    Type="Package"
    LastWriteTime="133426319252805720" />
  <Object
    Path="C:\Projects\Loupe\AxisLib\example\AsProject\ServoMgr\Logical\MachineControl\cPiperModuleTemplate\ANSIC.prg"
    LogicalPath="MachineControl.cPiperModuleTemplate"
    Type="Program"
    LastWriteTime="133426319252334536" />
  <Object
    Path="C:\Projects\Loupe\AxisLib\example\AsProject\ServoMgr\Logical\MachineControl\cPiperModuleTemplate\Cyclic.c"
    LogicalPath="MachineControl.cPiperModuleTemplate.Cyclic.c"
    Type="File"
    LastWriteTime="133426319252334536"
    Private="false" />
  <Object
    Path="C:\Projects\Loupe\AxisLib\example\AsProject\ServoMgr\Logical\MachineControl\cPiperModuleTemplate\PiperModule.var"
    LogicalPath="MachineControl.cPiperModuleTemplate.PiperModule.var"
    Type="File"
    LastWriteTime="133426319252334536"
    Private="true" />
  <Object
    Path="C:\Projects\Loupe\AxisLib\example\AsProject\ServoMgr\Logical\MachineControl\cPiperModuleTemplate\PiperInterface.c"
    LogicalPath="MachineControl.cPiperModuleTemplate.PiperInterface.c"
    Type="File"
    LastWriteTime="133426319252334536"
    Private="false" />
  <Object
    Path="C:\Projects\Loupe\AxisLib\example\AsProject\ServoMgr\Logical\MachineControl\MachineControl.typ"
    LogicalPath="MachineControl.MachineControl.typ"
    Type="File"
    LastWriteTime="133426319252490581"
    Private="false" />
  <Object
    Path="C:\Projects\Loupe\AxisLib\example\AsProject\ServoMgr\Logical\MachineControl\MachineControl.var"
    LogicalPath="MachineControl.MachineControl.var"
    Type="File"
    LastWriteTime="133426319252490581"
    Private="false" />
  <Object
    Path="C:\Projects\Loupe\AxisLib\example\AsProject\ServoMgr\Logical\MachineControl\MachineHMI\IEC.prg"
    LogicalPath="MachineControl.MachineHMI"
    Type="Program"
    LastWriteTime="133426319252490581" />
  <Object
    Path="C:\Projects\Loupe\AxisLib\example\AsProject\ServoMgr\Logical\MachineControl\MachineHMI\MachineProgCyclic.st"
    LogicalPath="MachineControl.MachineHMI.MachineProgCyclic.st"
    Type="File"
    LastWriteTime="133426319252490581"
    Private="false" />
  <Object
    Path="C:\Projects\Loupe\AxisLib\example\AsProject\ServoMgr\Logical\MachineControl\MachineHMI\MachineProgInit.st"
    LogicalPath="MachineControl.MachineHMI.MachineProgInit.st"
    Type="File"
    LastWriteTime="133426319252490581"
    Private="false" />
  <Object
    Path="C:\Projects\Loupe\AxisLib\example\AsProject\ServoMgr\Logical\MachineControl\MachineHMI\MachineProg.typ"
    LogicalPath="MachineControl.MachineHMI.MachineProg.typ"
    Type="File"
    LastWriteTime="133426319252490581"
    Private="true" />
  <Object
    Path="C:\Projects\Loupe\AxisLib\example\AsProject\ServoMgr\Logical\MachineControl\MachineHMI\MachineProg.var"
    LogicalPath="MachineControl.MachineHMI.MachineProg.var"
    Type="File"
    LastWriteTime="133426319252490581"
    Private="true" />
  <Object
    Path="C:\Projects\Loupe\AxisLib\example\AsProject\ServoMgr\Logical\MachineControl\MachineProg\IEC.prg"
    LogicalPath="MachineControl.MachineProg"
    Type="Program"
    LastWriteTime="133426319252647745" />
  <Object
    Path="C:\Projects\Loupe\AxisLib\example\AsProject\ServoMgr\Logical\MachineControl\MachineProg\MachineProgCyclic.st"
    LogicalPath="MachineControl.MachineProg.MachineProgCyclic.st"
    Type="File"
    LastWriteTime="133426319252647745"
    Private="false" />
  <Object
    Path="C:\Projects\Loupe\AxisLib\example\AsProject\ServoMgr\Logical\MachineControl\MachineProg\MachineProg.typ"
    LogicalPath="MachineControl.MachineProg.MachineProg.typ"
    Type="File"
    LastWriteTime="133426319252647745"
    Private="true" />
  <Object
    Path="C:\Projects\Loupe\AxisLib\example\AsProject\ServoMgr\Logical\MachineControl\MachineProg\MachineProg.var"
    LogicalPath="MachineControl.MachineProg.MachineProg.var"
    Type="File"
    LastWriteTime="133426319252647745"
    Private="true" />
  <Object
    Path="C:\Projects\Loupe\AxisLib\example\AsProject\ServoMgr\Logical\MachineControl\PiperModuleTemplate\IEC.prg"
    LogicalPath="MachineControl.PiperModuleTemplate"
    Type="Program"
    LastWriteTime="133426319252805720" />
  <Object
    Path="C:\Projects\Loupe\AxisLib\example\AsProject\ServoMgr\Logical\MachineControl\PiperModuleTemplate\Cyclic.st"
    LogicalPath="MachineControl.PiperModuleTemplate.Cyclic.st"
    Type="File"
    LastWriteTime="133426319252805720"
    Private="false" />
  <Object
    Path="C:\Projects\Loupe\AxisLib\example\AsProject\ServoMgr\Logical\MachineControl\PiperModuleTemplate\PiperModule.var"
    LogicalPath="MachineControl.PiperModuleTemplate.PiperModule.var"
    Type="File"
    LastWriteTime="133426319252805720"
    Private="true" />
  <Object
    Path="C:\Projects\Loupe\AxisLib\example\AsProject\ServoMgr\Logical\MachineControl\PiperModuleTemplate\PiperInterface.st"
    LogicalPath="MachineControl.PiperModuleTemplate.PiperInterface.st"
    Type="File"
    LastWriteTime="133426319252805720"
    Private="false" />
  <Object
    Path="C:\Projects\Loupe\AxisLib\src\Ar\Servo\Package.pkg"
    LogicalPath="Servo"
    Type="Package"
    LastWriteTime="133394628163714003" />
  <Object
    Path="C:\Projects\Loupe\AxisLib\src\Ar\Servo\ServoControl.typ"
    LogicalPath="Servo.ServoControl.typ"
    Type="File"
    LastWriteTime="133408411029834340"
    Private="false" />
  <Object
    Path="C:\Projects\Loupe\AxisLib\src\Ar\Servo\ServoControl.var"
    LogicalPath="Servo.ServoControl.var"
    Type="File"
    LastWriteTime="133409315648095411"
    Private="false" />
  <Object
    Path="C:\Projects\Loupe\AxisLib\src\Ar\Servo\ServoMgr\IEC.prg"
    LogicalPath="Servo.ServoMgr"
    Type="Program"
    LastWriteTime="133394628163714003" />
  <Object
    Path="C:\Projects\Loupe\AxisLib\src\Ar\Servo\ServoMgr\ServoMgrCyclic.st"
    LogicalPath="Servo.ServoMgr.ServoMgrCyclic.st"
    Type="File"
    LastWriteTime="133409304497724849"
    Private="false" />
  <Object
    Path="C:\Projects\Loupe\AxisLib\src\Ar\Servo\ServoMgr\ServoMgrInit.st"
    LogicalPath="Servo.ServoMgr.ServoMgrInit.st"
    Type="File"
    LastWriteTime="133397282268190026"
    Private="false" />
  <Object
    Path="C:\Projects\Loupe\AxisLib\src\Ar\Servo\ServoMgr\ServoMgr.typ"
    LogicalPath="Servo.ServoMgr.ServoMgr.typ"
    Type="File"
    LastWriteTime="133394628163714003"
    Private="true" />
  <Object
    Path="C:\Projects\Loupe\AxisLib\src\Ar\Servo\ServoMgr\ServoMgr.var"
    LogicalPath="Servo.ServoMgr.ServoMgr.var"
    Type="File"
    LastWriteTime="133398017431965106"
    Private="true" />
  <Object
    Path="C:\Projects\Loupe\AxisLib\src\Ar\Servo\ServoMgr\PiperModuleInterface.st"
    LogicalPath="Servo.ServoMgr.PiperModuleInterface.st"
    Type="File"
    LastWriteTime="133409317366004136"
    Private="false" />
  <Object
    Path="C:\Projects\Loupe\AxisLib\src\Ar\Servo\ServoMgr\PiperModuleTemplate.var"
    LogicalPath="Servo.ServoMgr.PiperModuleTemplate.var"
    Type="File"
    LastWriteTime="133394628163714003"
    Private="true" />
  <Object
    Path="C:\Projects\Loupe\AxisLib\example\AsProject\ServoMgr\Logical\Diagnostics\Package.pkg"
    LogicalPath="Diagnostics"
    Type="Package"
    LastWriteTime="133426320068529318" />
  <Object
    Path="C:\Projects\Loupe\AxisLib\example\AsProject\ServoMgr\Logical\Diagnostics\Diagnostics.var"
    LogicalPath="Diagnostics.Diagnostics.var"
    Type="File"
    LastWriteTime="133426320068372002"
    Private="false" />
  <Object
    Path="C:\Projects\Loupe\AxisLib\example\AsProject\ServoMgr\Logical\Diagnostics\ErrorProg\IEC.prg"
    LogicalPath="Diagnostics.ErrorProg"
    Type="Program"
    LastWriteTime="133426320068529318" />
  <Object
    Path="C:\Projects\Loupe\AxisLib\example\AsProject\ServoMgr\Logical\Diagnostics\ErrorProg\ErrorProgInit.st"
    LogicalPath="Diagnostics.ErrorProg.ErrorProgInit.st"
    Type="File"
    LastWriteTime="133426320068372002"
    Private="false" />
  <Object
    Path="C:\Projects\Loupe\AxisLib\example\AsProject\ServoMgr\Logical\Diagnostics\ErrorProg\ErrorProgCyclic.st"
    LogicalPath="Diagnostics.ErrorProg.ErrorProgCyclic.st"
    Type="File"
    LastWriteTime="133426320068372002"
    Private="false" />
  <Object
    Path="C:\Projects\Loupe\AxisLib\example\AsProject\ServoMgr\Logical\Diagnostics\ErrorProg\ErrorProg.typ"
    LogicalPath="Diagnostics.ErrorProg.ErrorProg.typ"
    Type="File"
    LastWriteTime="133426320068529318"
    Private="true" />
  <Object
    Path="C:\Projects\Loupe\AxisLib\example\AsProject\ServoMgr\Logical\Diagnostics\ErrorProg\ErrorProg.var"
    LogicalPath="Diagnostics.ErrorProg.ErrorProg.var"
    Type="File"
    LastWriteTime="133426320068529318"
    Private="true" />
  <Object
    Path="C:\Projects\Loupe\AxisLib\example\AsProject\ServoMgr\Logical\Diagnostics\ErrorProg\PiperModuleTemplate.var"
    LogicalPath="Diagnostics.ErrorProg.PiperModuleTemplate.var"
    Type="File"
    LastWriteTime="133426320068529318"
    Private="true" />
  <Object
    Path="C:\Projects\Loupe\AxisLib\example\AsProject\ServoMgr\Logical\Diagnostics\ErrorProg\PiperModuleInterface.st"
    LogicalPath="Diagnostics.ErrorProg.PiperModuleInterface.st"
    Type="File"
    LastWriteTime="133426320068529318"
    Private="false" />
  <Object
    Path="C:\Projects\Loupe\AxisLib\example\AsProject\ServoMgr\Physical\Config1\Config.pkg"
    LogicalPath="Config1"
    Type="Configuration.ParentUnknown"
    LastWriteTime="133422937477957792" />
  <Object
    Path="C:\Projects\Loupe\AxisLib\example\AsProject\ServoMgr\Physical\Config1\Hardware.hw"
    LogicalPath="Config1.Hardware.hw"
    Type="File"
    LastWriteTime="133422973503231616"
    Private="false" />
  <Object
    Path="C:\Projects\Loupe\AxisLib\example\AsProject\ServoMgr\Physical\Config1\Hardware.hwl"
    LogicalPath="Config1.Hardware.hwl"
    Type="File"
    LastWriteTime="133422937675456673"
    Private="false" />
  <Object
    Path="C:\Projects\Loupe\AxisLib\example\AsProject\ServoMgr\Physical\Config1\5PC900_TS17_00\Cpu.pkg"
    LogicalPath="Config1.5PC900_TS17_00"
    Type="Cpu"
    LastWriteTime="133422989111193566" />
  <Object
    Path="C:\Projects\Loupe\AxisLib\example\AsProject\ServoMgr\Physical\Config1\5PC900_TS17_00\Cpu.sw"
    LogicalPath="Config1.5PC900_TS17_00.Cpu.sw"
    Type="File"
    LastWriteTime="133426320092116911"
    Private="false" />
  <Object
    Path="C:\Projects\Loupe\AxisLib\example\AsProject\ServoMgr\Physical\Config1\5PC900_TS17_00\Cpu.per"
    LogicalPath="Config1.5PC900_TS17_00.Cpu.per"
    Type="File"
    LastWriteTime="133422937430146368"
    Private="false" />
  <Object
    Path="C:\Projects\Loupe\AxisLib\example\AsProject\ServoMgr\Physical\Config1\5PC900_TS17_00\IoMap.iom"
    LogicalPath="Config1.5PC900_TS17_00.IoMap.iom"
    Type="File"
    LastWriteTime="133422937430146368"
    Private="false" />
  <Object
    Path="C:\Projects\Loupe\AxisLib\example\AsProject\ServoMgr\Physical\Config1\5PC900_TS17_00\PvMap.vvm"
    LogicalPath="Config1.5PC900_TS17_00.PvMap.vvm"
    Type="File"
    LastWriteTime="133422937430456946"
    Private="false" />
  <Object
    Path="C:\Projects\Loupe\AxisLib\example\AsProject\ServoMgr\Physical\Config1\5PC900_TS17_00\Connectivity\Package.pkg"
    LogicalPath="Config1.5PC900_TS17_00.Connectivity"
    Type="Package"
    LastWriteTime="133422937430924411" />
  <Object
    Path="C:\Projects\Loupe\AxisLib\example\AsProject\ServoMgr\Physical\Config1\5PC900_TS17_00\Connectivity\OpcUA\Package.pkg"
    LogicalPath="Config1.5PC900_TS17_00.Connectivity.OpcUA"
    Type="Package"
    LastWriteTime="133422937430924411" />
  <Object
    Path="C:\Projects\Loupe\AxisLib\example\AsProject\ServoMgr\Physical\Config1\5PC900_TS17_00\TextSystem\Package.pkg"
    LogicalPath="Config1.5PC900_TS17_00.TextSystem"
    Type="Package"
    LastWriteTime="133422937431081846" />
  <Object
    Path="C:\Projects\Loupe\AxisLib\example\AsProject\ServoMgr\Physical\Config1\5PC900_TS17_00\UnitSystem\Package.pkg"
    LogicalPath="Config1.5PC900_TS17_00.UnitSystem"
    Type="Package"
    LastWriteTime="133422937431081846" />
  <Object
    Path="C:\Projects\Loupe\AxisLib\example\AsProject\ServoMgr\Physical\Config1\5PC900_TS17_00\AccessAndSecurity\Package.pkg"
    LogicalPath="Config1.5PC900_TS17_00.AccessAndSecurity"
    Type="Package"
    LastWriteTime="133422937431710051" />
  <Object
    Path="C:\Projects\Loupe\AxisLib\example\AsProject\ServoMgr\Physical\Config1\5PC900_TS17_00\AccessAndSecurity\UserRoleSystem\Package.pkg"
    LogicalPath="Config1.5PC900_TS17_00.AccessAndSecurity.UserRoleSystem"
    Type="Package"
    LastWriteTime="133422937431237535" />
  <Object
    Path="C:\Projects\Loupe\AxisLib\example\AsProject\ServoMgr\Physical\Config1\5PC900_TS17_00\AccessAndSecurity\UserRoleSystem\Role.role"
    LogicalPath="Config1.5PC900_TS17_00.AccessAndSecurity.UserRoleSystem.Role.role"
    Type="File"
    LastWriteTime="133422937431237535"
    Private="false" />
  <Object
    Path="C:\Projects\Loupe\AxisLib\example\AsProject\ServoMgr\Physical\Config1\5PC900_TS17_00\AccessAndSecurity\UserRoleSystem\User.user"
    LogicalPath="Config1.5PC900_TS17_00.AccessAndSecurity.UserRoleSystem.User.user"
    Type="File"
    LastWriteTime="133422937431237535"
    Private="false" />
  <Object
    Path="C:\Projects\Loupe\AxisLib\example\AsProject\ServoMgr\Physical\Config1\5PC900_TS17_00\AccessAndSecurity\CertificateStore\Package.pkg"
    LogicalPath="Config1.5PC900_TS17_00.AccessAndSecurity.CertificateStore"
    Type="Package"
    LastWriteTime="133422937431551858" />
  <Object
    Path="C:\Projects\Loupe\AxisLib\example\AsProject\ServoMgr\Physical\Config1\5PC900_TS17_00\AccessAndSecurity\CertificateStore\OwnCertificates\Package.pkg"
    LogicalPath="Config1.5PC900_TS17_00.AccessAndSecurity.CertificateStore.OwnCertificates"
    Type="Package"
    LastWriteTime="133422937431394621" />
  <Object
    Path="C:\Projects\Loupe\AxisLib\example\AsProject\ServoMgr\Physical\Config1\5PC900_TS17_00\AccessAndSecurity\CertificateStore\OwnCertificates\Certificates\Package.pkg"
    LogicalPath="Config1.5PC900_TS17_00.AccessAndSecurity.CertificateStore.OwnCertificates.Certificates"
    Type="Package"
    LastWriteTime="133422937431237535" />
  <Object
    Path="C:\Projects\Loupe\AxisLib\example\AsProject\ServoMgr\Physical\Config1\5PC900_TS17_00\AccessAndSecurity\CertificateStore\OwnCertificates\PrivateKeys\Package.pkg"
    LogicalPath="Config1.5PC900_TS17_00.AccessAndSecurity.CertificateStore.OwnCertificates.PrivateKeys"
    Type="Package"
    LastWriteTime="133422937431237535" />
  <Object
    Path="C:\Projects\Loupe\AxisLib\example\AsProject\ServoMgr\Physical\Config1\5PC900_TS17_00\AccessAndSecurity\CertificateStore\ThirdPartyCertificates\Package.pkg"
    LogicalPath="Config1.5PC900_TS17_00.AccessAndSecurity.CertificateStore.ThirdPartyCertificates"
    Type="Package"
    LastWriteTime="133422937431394621" />
  <Object
    Path="C:\Projects\Loupe\AxisLib\example\AsProject\ServoMgr\Physical\Config1\5PC900_TS17_00\AccessAndSecurity\CertificateStore\ThirdPartyCertificates\SoftwareCertificates\Package.pkg"
    LogicalPath="Config1.5PC900_TS17_00.AccessAndSecurity.CertificateStore.ThirdPartyCertificates.SoftwareCertificates"
    Type="Package"
    LastWriteTime="133422937431394621" />
  <Object
    Path="C:\Projects\Loupe\AxisLib\example\AsProject\ServoMgr\Physical\Config1\5PC900_TS17_00\AccessAndSecurity\CertificateStore\CertificateRevocationLists\Package.pkg"
    LogicalPath="Config1.5PC900_TS17_00.AccessAndSecurity.CertificateStore.CertificateRevocationLists"
    Type="Package"
    LastWriteTime="133422937431551858" />
  <Object
    Path="C:\Projects\Loupe\AxisLib\example\AsProject\ServoMgr\Physical\Config1\5PC900_TS17_00\AccessAndSecurity\CertificateStore\CertificateSigningRequests\Package.pkg"
    LogicalPath="Config1.5PC900_TS17_00.AccessAndSecurity.CertificateStore.CertificateSigningRequests"
    Type="Package"
    LastWriteTime="133422937431551858" />
  <Object
    Path="C:\Projects\Loupe\AxisLib\example\AsProject\ServoMgr\Physical\Config1\5PC900_TS17_00\AccessAndSecurity\TransportLayerSecurity\Package.pkg"
    LogicalPath="Config1.5PC900_TS17_00.AccessAndSecurity.TransportLayerSecurity"
    Type="Package"
    LastWriteTime="133422937431710051" />
  <Object
    Path="C:\Projects\Loupe\AxisLib\example\AsProject\ServoMgr\Physical\Config1\5PC900_TS17_00\AccessAndSecurity\Firewall\Package.pkg"
    LogicalPath="Config1.5PC900_TS17_00.AccessAndSecurity.Firewall"
    Type="Package"
    LastWriteTime="133422937431710051" />
  <Object
    Path="C:\Projects\Loupe\AxisLib\example\AsProject\ServoMgr\Physical\Config1\5PC900_TS17_00\AccessAndSecurity\Firewall\Rules.firewallRules"
    LogicalPath="Config1.5PC900_TS17_00.AccessAndSecurity.Firewall.Rules.firewallRules"
    Type="File"
    LastWriteTime="133422937431710051"
    Private="false" />
  <Object
    Path="C:\Projects\Loupe\AxisLib\example\AsProject\ServoMgr\Physical\Config1\5PC900_TS17_00\mappControl\Package.pkg"
    LogicalPath="Config1.5PC900_TS17_00.mappControl"
    Type="Package"
    LastWriteTime="133422937432018579" />
  <Object
    Path="C:\Projects\Loupe\AxisLib\example\AsProject\ServoMgr\Physical\Config1\5PC900_TS17_00\mappMotion\Package.pkg"
    LogicalPath="Config1.5PC900_TS17_00.mappMotion"
    Type="Package"
    LastWriteTime="133422937432178699" />
  <Object
    Path="C:\Projects\Loupe\AxisLib\example\AsProject\ServoMgr\Physical\Config1\5PC900_TS17_00\mappServices\Package.pkg"
    LogicalPath="Config1.5PC900_TS17_00.mappServices"
    Type="Package"
    LastWriteTime="133422937432178699" />
  <Object
    Path="C:\Projects\Loupe\AxisLib\example\AsProject\ServoMgr\Physical\Config1\5PC900_TS17_00\mappSafety\Package.pkg"
    LogicalPath="Config1.5PC900_TS17_00.mappSafety"
    Type="Package"
    LastWriteTime="133422937432331781" />
  <Object
    Path="C:\Projects\Loupe\AxisLib\example\AsProject\ServoMgr\Physical\Config1\5PC900_TS17_00\mappSafety\SafeApplication\Package.pkg"
    LogicalPath="Config1.5PC900_TS17_00.mappSafety.SafeApplication"
    Type="Package"
    LastWriteTime="133422937432331781" />
  <Object
    Path="C:\Projects\Loupe\AxisLib\example\AsProject\ServoMgr\Physical\Config1\5PC900_TS17_00\mappSafety\SafeCommissioning\Package.pkg"
    LogicalPath="Config1.5PC900_TS17_00.mappSafety.SafeCommissioning"
    Type="Package"
    LastWriteTime="133422937432331781" />
  <Object
    Path="C:\Projects\Loupe\AxisLib\example\AsProject\ServoMgr\Physical\Config1\5PC900_TS17_00\mappView\Package.pkg"
    LogicalPath="Config1.5PC900_TS17_00.mappView"
    Type="Package"
    LastWriteTime="133422937432331781" />
  <Object
    Path="C:\Projects\Loupe\AxisLib\example\AsProject\ServoMgr\Physical\Config1\5PC900_TS17_00\mappVision\Package.pkg"
    LogicalPath="Config1.5PC900_TS17_00.mappVision"
    Type="Package"
    LastWriteTime="133422937432487515" />
  <Object
    Path="C:\Projects\Loupe\AxisLib\example\AsProject\ServoMgr\Physical\Config1\5PC900_TS17_00\mappCockpit\Package.pkg"
    LogicalPath="Config1.5PC900_TS17_00.mappCockpit"
    Type="Package"
    LastWriteTime="133422937432487515" />
  <Object
    Path="C:\Projects\Loupe\AxisLib\example\AsProject\ServoMgr\Physical\Config1\5PC900_TS17_00\Motion\Package.pkg"
    LogicalPath="Config1.5PC900_TS17_00.Motion"
    Type="Package"
    LastWriteTime="133422989072758378" />
  <Object
    Path="C:\Projects\Loupe\AxisLib\example\AsProject\ServoMgr\Physical\Config1\5PC900_TS17_00\Motion\Acp10cfg.ncc"
    LogicalPath="Config1.5PC900_TS17_00.Motion.Acp10cfg.ncc"
    Type="File"
    LastWriteTime="133422955004228857"
    Private="false" />
  <Object
    Path="C:\Projects\Loupe\AxisLib\example\AsProject\ServoMgr\Physical\Config1\5PC900_TS17_00\Motion\Acp10map.ncm"
    LogicalPath="Config1.5PC900_TS17_00.Motion.Acp10map.ncm"
    Type="File"
    LastWriteTime="133422955009540651"
    Private="false" />
  <Object
    Path="C:\Projects\Loupe\AxisLib\example\AsProject\ServoMgr\Physical\Config1\5PC900_TS17_00\Motion\Acp10sys.br"
    LogicalPath="Config1.5PC900_TS17_00.Motion.Acp10sys.br"
    Type="File"
    LastWriteTime="133422989080725659"
    Private="false" />
  <Object
    Path="C:\Projects\Loupe\AxisLib\example\AsProject\ServoMgr\Physical\Config1\Hardware.jpg"
    LogicalPath="Config1.Hardware.jpg"
    Type="File"
    LastWriteTime="133422937676396660"
    Private="false" />
</Objects>